[25Jan2025 19:17:48.798] [main/INFO] [cpw.mods.modlauncher.Launcher/MODLAUNCHER]: ModLauncher running: args [--launchTarget, forgeclientuserdev, --version, 21.1.90, --assetIndex, 17, --assetsDir, C:\\Users\\noide\\.gradle\\caches\\neoformruntime\\assets, --gameDir, ., --fml.neoForgeVersion, 21.1.90, --fml.fmlVersion, 4.0.34, --fml.mcVersion, 1.21.1, --fml.neoFormVersion, 20240808.144430]
[25Jan2025 19:17:48.800] [main/INFO] [cpw.mods.modlauncher.Launcher/MODLAUNCHER]: JVM identified as Eclipse Adoptium OpenJDK 64-Bit Server VM 21.0.4+7-LTS
[25Jan2025 19:17:48.801] [main/INFO] [cpw.mods.modlauncher.Launcher/MODLAUNCHER]: ModLauncher 11.0.4+main.d2e20e43 starting: java version 21.0.4 by Eclipse Adoptium; OS Windows 10 arch amd64 version 10.0
[25Jan2025 19:17:48.875] [main/INFO] [net.neoforged.fml.loading.ImmediateWindowHandler/]: Loading ImmediateWindowProvider fmlearlywindow
[25Jan2025 19:17:48.955] [main/INFO] [EARLYDISPLAY/]: Trying GL version 4.6
[25Jan2025 19:17:49.096] [main/INFO] [EARLYDISPLAY/]: Requested GL version 4.6 got version 4.6
[25Jan2025 19:17:49.168] [main/INFO] [mixin/]: SpongePowered MIXIN Subsystem Version=0.8.7 Source=union:/C:/Users/noide/.gradle/caches/modules-2/files-2.1/net.fabricmc/sponge-mixin/0.15.2+mixin.0.8.7/2af2f021d8e02a0220dc27a7a72b4666d66d44ca/sponge-mixin-0.15.2+mixin.0.8.7.jar%23131!/ Service=ModLauncher Env=CLIENT
[25Jan2025 19:17:49.353] [pool-2-thread-1/INFO] [EARLYDISPLAY/]: GL info: NVIDIA GeForce RTX 3070 Ti/PCIe/SSE2 GL version 4.6.0 NVIDIA 560.94, NVIDIA Corporation
[25Jan2025 19:17:49.495] [main/INFO] [net.neoforged.fml.loading.moddiscovery.locators.JarInJarDependencyLocator/]: Found 2 dependencies adding them to mods collection
[25Jan2025 19:17:49.497] [main/INFO] [net.neoforged.fml.loading.moddiscovery.ModDiscoverer/]: 
     Mod List:
		Name Version (Mod Id)

		Epic Paladins 1.1.1-1.21.1 (epicpaladins)
		GeckoLib 4 4.7 (geckolib)
		Just Enough Items 19.5.0.44 (jei)
		Minecraft 1.21.1 (minecraft)
		NeoForge 21.1.90 (neoforge)
[25Jan2025 19:17:50.215] [main/INFO] [mixin/]: Compatibility level set to JAVA_17
[25Jan2025 19:17:50.221] [main/INFO] [mixin/]: Compatibility level set to JAVA_21
[25Jan2025 19:17:50.225] [main/INFO] [cpw.mods.modlauncher.LaunchServiceHandler/MODLAUNCHER]: Launching target 'forgeclientuserdev' with arguments [--version, 21.1.90, --gameDir, ., --assetsDir, C:\Users\noide\.gradle\caches\neoformruntime\assets, --assetIndex, 17]
[25Jan2025 19:17:50.263] [main/WARN] [mixin/]: Reference map 'epicpaladins.refmap.json' for epicpaladins.mixins.json could not be read. If this is a development environment you can ignore this message
[25Jan2025 19:17:50.264] [main/WARN] [mixin/]: Reference map 'geckolib.refmap.json' for geckolib.mixins.json could not be read. If this is a development environment you can ignore this message
[25Jan2025 19:17:50.425] [main/INFO] [MixinExtras|Service/]: Initializing MixinExtras via com.llamalad7.mixinextras.service.MixinExtrasServiceImpl(version=0.4.1).
[25Jan2025 19:17:51.619] [Datafixer Bootstrap/INFO] [com.mojang.datafixers.DataFixerBuilder/]: 229 Datafixer optimizations took 315 milliseconds
[25Jan2025 19:17:55.267] [main/WARN] [net.minecraft.commands.Commands/]: Ambiguity between arguments [teleport, location] and [teleport, destination] with inputs: [0.1 -0.5 .9, 0 0 0]
[25Jan2025 19:17:55.268] [main/WARN] [net.minecraft.commands.Commands/]: Ambiguity between arguments [teleport, location] and [teleport, targets] with inputs: [0.1 -0.5 .9, 0 0 0]
[25Jan2025 19:17:55.270] [main/WARN] [net.minecraft.commands.Commands/]: Ambiguity between arguments [teleport, destination] and [teleport, targets] with inputs: [Player, 0123, @e, dd12be42-52a9-4a91-a8a1-11c01849e498]
[25Jan2025 19:17:55.270] [main/WARN] [net.minecraft.commands.Commands/]: Ambiguity between arguments [teleport, targets] and [teleport, destination] with inputs: [Player, 0123, dd12be42-52a9-4a91-a8a1-11c01849e498]
[25Jan2025 19:17:55.271] [main/WARN] [net.minecraft.commands.Commands/]: Ambiguity between arguments [teleport, targets, location] and [teleport, targets, destination] with inputs: [0.1 -0.5 .9, 0 0 0]
[25Jan2025 19:17:55.355] [Render thread/WARN] [net.minecraft.server.packs.VanillaPackResourcesBuilder/]: Assets URL 'union:/D:/bandits%20mod%20development/epicpaladins/build/moddev/artifacts/neoforge-21.1.90-minecraft.jar%23183!/assets/.mcassetsroot' uses unexpected schema
[25Jan2025 19:17:55.356] [Render thread/WARN] [net.minecraft.server.packs.VanillaPackResourcesBuilder/]: Assets URL 'union:/D:/bandits%20mod%20development/epicpaladins/build/moddev/artifacts/neoforge-21.1.90-minecraft.jar%23183!/data/.mcassetsroot' uses unexpected schema
[25Jan2025 19:17:55.373] [Render thread/INFO] [com.mojang.authlib.yggdrasil.YggdrasilAuthenticationService/]: Environment: Environment[sessionHost=https://sessionserver.mojang.com, servicesHost=https://api.minecraftservices.com, name=PROD]
[25Jan2025 19:17:55.378] [Render thread/INFO] [net.minecraft.client.Minecraft/]: Setting user: Dev
[25Jan2025 19:17:55.440] [Render thread/INFO] [net.minecraft.client.Minecraft/]: Backend library: LWJGL version 3.3.3+5
[25Jan2025 19:17:55.627] [modloading-worker-0/INFO] [net.neoforged.neoforge.common.NeoForgeMod/NEOFORGE-MOD]: NeoForge mod loading, version 21.1.90, for MC 1.21.1
[25Jan2025 19:17:55.703] [modloading-worker-0/INFO] [mezz.jei.library.load.PluginCaller/]: Sending ConfigManager...
[25Jan2025 19:17:55.705] [modloading-worker-0/INFO] [mezz.jei.library.load.PluginCaller/]: Sending ConfigManager took 1.373 ms
[25Jan2025 19:17:56.237] [Render thread/INFO] [net.neoforged.neoforge.gametest.GameTestHooks/]: Enabled Gametest Namespaces: [epicpaladins]
[25Jan2025 19:17:56.353] [Render thread/INFO] [net.minecraft.server.packs.resources.ReloadableResourceManager/]: Reloading ResourceManager: vanilla, mod_resources, mod/epicpaladins, mod/geckolib, mod/neoforge, mod/jei
[25Jan2025 19:17:56.368] [Worker-Main-4/WARN] [GeckoLib/]: Found animation file with improper file name format; animation files should end in .animation.json: 'epicpaladins:animations/armor/angel_armor_animation.json'
[25Jan2025 19:17:56.460] [Worker-Main-23/INFO] [net.minecraft.client.gui.font.providers.UnihexProvider/]: Found unifont_all_no_pua-15.1.05.hex, loading
[25Jan2025 19:17:56.460] [Worker-Main-5/INFO] [net.minecraft.client.gui.font.providers.UnihexProvider/]: Found unifont_jp_patch-15.1.05.hex, loading
[25Jan2025 19:17:57.593] [Render thread/WARN] [net.minecraft.client.sounds.SoundEngine/]: Missing sound for event: minecraft:item.goat_horn.play
[25Jan2025 19:17:57.593] [Render thread/WARN] [net.minecraft.client.sounds.SoundEngine/]: Missing sound for event: minecraft:entity.goat.screaming.horn_break
[25Jan2025 19:17:57.671] [Render thread/INFO] [com.mojang.blaze3d.audio.Library/]: OpenAL initialized on device OpenAL Soft on Speakers (HyperX Quadcast)
[25Jan2025 19:17:57.672] [Render thread/INFO] [net.minecraft.client.sounds.SoundEngine/SOUNDS]: Sound engine started
[25Jan2025 19:17:57.757] [Render thread/INFO] [net.minecraft.client.renderer.texture.TextureAtlas/]: Created: 1024x512x4 minecraft:textures/atlas/blocks.png-atlas
[25Jan2025 19:17:57.763] [Render thread/INFO] [net.minecraft.client.renderer.texture.TextureAtlas/]: Created: 256x256x4 minecraft:textures/atlas/signs.png-atlas
[25Jan2025 19:17:57.764] [Render thread/INFO] [net.minecraft.client.renderer.texture.TextureAtlas/]: Created: 512x512x4 minecraft:textures/atlas/shield_patterns.png-atlas
[25Jan2025 19:17:57.764] [Render thread/INFO] [net.minecraft.client.renderer.texture.TextureAtlas/]: Created: 512x512x4 minecraft:textures/atlas/banner_patterns.png-atlas
[25Jan2025 19:17:57.765] [Render thread/INFO] [net.minecraft.client.renderer.texture.TextureAtlas/]: Created: 1024x1024x4 minecraft:textures/atlas/armor_trims.png-atlas
[25Jan2025 19:17:57.767] [Render thread/INFO] [net.minecraft.client.renderer.texture.TextureAtlas/]: Created: 128x64x4 minecraft:textures/atlas/decorated_pot.png-atlas
[25Jan2025 19:17:57.768] [Render thread/INFO] [net.minecraft.client.renderer.texture.TextureAtlas/]: Created: 256x256x4 minecraft:textures/atlas/chest.png-atlas
[25Jan2025 19:17:57.768] [Render thread/INFO] [net.minecraft.client.renderer.texture.TextureAtlas/]: Created: 512x256x4 minecraft:textures/atlas/shulker_boxes.png-atlas
[25Jan2025 19:17:57.768] [Render thread/INFO] [net.minecraft.client.renderer.texture.TextureAtlas/]: Created: 512x256x4 minecraft:textures/atlas/beds.png-atlas
[25Jan2025 19:17:57.918] [Render thread/INFO] [net.minecraft.client.renderer.texture.TextureAtlas/]: Created: 512x256x0 minecraft:textures/atlas/particles.png-atlas
[25Jan2025 19:17:57.919] [Render thread/INFO] [net.minecraft.client.renderer.texture.TextureAtlas/]: Created: 512x256x0 minecraft:textures/atlas/paintings.png-atlas
[25Jan2025 19:17:57.919] [Render thread/INFO] [net.minecraft.client.renderer.texture.TextureAtlas/]: Created: 256x128x0 minecraft:textures/atlas/mob_effects.png-atlas
[25Jan2025 19:17:57.919] [Render thread/INFO] [net.minecraft.client.renderer.texture.TextureAtlas/]: Created: 64x64x0 minecraft:textures/atlas/map_decorations.png-atlas
[25Jan2025 19:17:57.919] [Render thread/INFO] [net.minecraft.client.renderer.texture.TextureAtlas/]: Created: 1024x512x0 minecraft:textures/atlas/gui.png-atlas
[25Jan2025 19:17:57.936] [Render thread/WARN] [net.minecraft.client.renderer.ShaderInstance/]: Shader rendertype_entity_translucent_emissive could not find sampler named Sampler2 in the specified shader program.
[25Jan2025 19:17:57.978] [Render thread/INFO] [net.neoforged.neoforge.client.entity.animation.json.AnimationLoader/]: Loaded 0 entity animations
[25Jan2025 19:17:57.978] [Render thread/INFO] [net.minecraft.client.renderer.texture.TextureAtlas/]: Created: 256x256x0 jei:textures/atlas/gui.png-atlas
[25Jan2025 19:18:29.675] [Worker-Main-3/ERROR] [net.minecraft.tags.TagLoader/]: Couldn't load tag c:storage_blocks as it is missing following references: 
	#c:ores/steel (from mod/epicpaladins)
[25Jan2025 19:18:29.675] [Worker-Main-20/ERROR] [net.minecraft.tags.TagLoader/]: Couldn't load tag c:ingots as it is missing following references: 
	#c:ingots/brick (from mod/epicpaladins)
	#c:ingots/nether_brick (from mod/epicpaladins)
[25Jan2025 19:18:29.677] [Worker-Main-20/ERROR] [net.minecraft.tags.TagLoader/]: Couldn't load tag c:gems as it is missing following references: 
	#c:gems/ruby (from mod/epicpaladins)
[25Jan2025 19:18:29.767] [Render thread/INFO] [net.minecraft.world.item.crafting.RecipeManager/]: Loaded 1393 recipes
[25Jan2025 19:18:29.868] [Render thread/INFO] [net.minecraft.advancements.AdvancementTree/]: Loaded 1399 advancements
[25Jan2025 19:18:30.139] [Render thread/INFO] [mezz.jei.neoforge.startup.StartEventObserver/]: JEI StartEventObserver received class net.neoforged.neoforge.event.TagsUpdatedEvent too early, ignoring
[25Jan2025 19:18:30.199] [Server thread/INFO] [net.minecraft.client.server.IntegratedServer/]: Starting integrated minecraft server version 1.21.1
[25Jan2025 19:18:30.199] [Server thread/INFO] [net.minecraft.server.MinecraftServer/]: Generating keypair
[25Jan2025 19:18:30.668] [Server thread/INFO] [net.minecraft.server.MinecraftServer/]: Preparing start region for dimension minecraft:overworld
[25Jan2025 19:18:30.837] [progressListener/INFO] [net.minecraft.server.level.progress.LoggerChunkProgressListener/]: Preparing spawn area: 0%
[25Jan2025 19:18:30.897] [Server thread/INFO] [net.neoforged.neoforge.server.permission.PermissionAPI/]: Successfully initialized permission handler neoforge:default_handler
[25Jan2025 19:18:30.913] [progressListener/INFO] [net.minecraft.server.level.progress.LoggerChunkProgressListener/]: Time elapsed: 241 ms
[25Jan2025 19:18:30.956] [Server thread/INFO] [net.minecraft.client.server.IntegratedServer/]: Changing view distance to 12, from 10
[25Jan2025 19:18:30.956] [Server thread/INFO] [net.minecraft.client.server.IntegratedServer/]: Changing simulation distance to 12, from 0
[25Jan2025 19:18:31.428] [Render thread/INFO] [mezz.jei.neoforge.startup.StartEventObserver/]: JEI StartEventObserver received class net.neoforged.neoforge.event.TagsUpdatedEvent
[25Jan2025 19:18:31.539] [Server thread/INFO] [net.minecraft.server.players.PlayerList/]: Dev[local:E:ad868b47] logged in with entity id 42 at (76.08111115169315, 76.0, -53.71721896416867)
[25Jan2025 19:18:31.588] [Server thread/INFO] [net.minecraft.server.MinecraftServer/]: Dev joined the game
[25Jan2025 19:18:31.872] [Render thread/INFO] [mezz.jei.neoforge.startup.StartEventObserver/]: JEI StartEventObserver received class net.neoforged.neoforge.client.event.RecipesUpdatedEvent
[25Jan2025 19:18:31.872] [Render thread/INFO] [mezz.jei.neoforge.startup.StartEventObserver/]: JEI StartEventObserver transitioning state from LISTENING to JEI_STARTED
[25Jan2025 19:18:31.873] [Render thread/INFO] [mezz.jei.core.util.LoggedTimer/]: Starting JEI...
[25Jan2025 19:18:31.882] [Render thread/INFO] [mezz.jei.library.load.PluginCaller/]: Registering item subtypes...
[25Jan2025 19:18:31.884] [Render thread/INFO] [mezz.jei.library.load.PluginCaller/]: Registering item subtypes took 1.721 ms
[25Jan2025 19:18:31.885] [Render thread/INFO] [mezz.jei.library.load.PluginCaller/]: Registering fluid subtypes...
[25Jan2025 19:18:31.886] [Render thread/INFO] [mezz.jei.library.load.PluginCaller/]: Registering fluid subtypes took 1.302 ms
[25Jan2025 19:18:31.888] [Render thread/INFO] [mezz.jei.library.load.PluginCaller/]: Registering ingredients...
[25Jan2025 19:18:31.997] [Render thread/INFO] [mezz.jei.library.load.PluginCallerTimerRunnable/]: Registering ingredients: jei:minecraft took 99.16 milliseconds
[25Jan2025 19:18:31.997] [Render thread/INFO] [mezz.jei.library.load.PluginCaller/]: Registering ingredients took 109.7 ms
[25Jan2025 19:18:32.005] [Render thread/INFO] [mezz.jei.library.load.PluginCaller/]: Registering Mod Info...
[25Jan2025 19:18:32.006] [Render thread/INFO] [mezz.jei.library.load.PluginCaller/]: Registering Mod Info took 683.6 μs
[25Jan2025 19:18:32.026] [Render thread/INFO] [mezz.jei.library.load.PluginCaller/]: Registering categories...
[25Jan2025 19:18:32.053] [Render thread/INFO] [mezz.jei.library.load.PluginCallerTimerRunnable/]: Registering categories: jei:minecraft took 26.95 milliseconds
[25Jan2025 19:18:32.055] [Render thread/INFO] [mezz.jei.library.load.PluginCaller/]: Registering categories took 28.92 ms
[25Jan2025 19:18:32.057] [Render thread/INFO] [mezz.jei.library.load.PluginCaller/]: Registering vanilla category extensions...
[25Jan2025 19:18:32.060] [Render thread/INFO] [mezz.jei.library.load.PluginCaller/]: Registering vanilla category extensions took 2.827 ms
[25Jan2025 19:18:32.062] [Render thread/INFO] [mezz.jei.library.load.PluginCaller/]: Registering recipe catalysts...
[25Jan2025 19:18:32.063] [Render thread/INFO] [mezz.jei.library.load.PluginCaller/]: Registering recipe catalysts took 1.150 ms
[25Jan2025 19:18:32.065] [Render thread/INFO] [mezz.jei.library.load.PluginCaller/]: Registering advanced plugins...
[25Jan2025 19:18:32.066] [Render thread/INFO] [mezz.jei.library.load.PluginCaller/]: Registering advanced plugins took 524.5 μs
[25Jan2025 19:18:32.066] [Render thread/INFO] [mezz.jei.core.util.LoggedTimer/]: Building recipe registry...
[25Jan2025 19:18:32.078] [Render thread/INFO] [mezz.jei.core.util.LoggedTimer/]: Building recipe registry took 11.95 ms
[25Jan2025 19:18:32.082] [Render thread/INFO] [mezz.jei.library.load.PluginCaller/]: Registering recipes...
[25Jan2025 19:18:32.222] [Render thread/INFO] [mezz.jei.library.load.PluginCallerTimerRunnable/]: Registering recipes: jei:minecraft took 140.1 milliseconds
[25Jan2025 19:18:32.223] [Render thread/INFO] [mezz.jei.library.load.PluginCaller/]: Registering recipes took 140.7 ms
[25Jan2025 19:18:32.227] [Render thread/INFO] [mezz.jei.library.load.PluginCaller/]: Registering recipes transfer handlers...
[25Jan2025 19:18:32.231] [Render thread/INFO] [mezz.jei.library.load.PluginCaller/]: Registering recipes transfer handlers took 3.722 ms
[25Jan2025 19:18:32.238] [Render thread/INFO] [mezz.jei.core.util.LoggedTimer/]: Building runtime...
[25Jan2025 19:18:32.243] [Render thread/INFO] [mezz.jei.library.load.PluginCaller/]: Registering gui handlers...
[25Jan2025 19:18:32.252] [Render thread/INFO] [mezz.jei.library.load.PluginCaller/]: Registering gui handlers took 9.164 ms
[25Jan2025 19:18:32.256] [Render thread/INFO] [mezz.jei.library.load.PluginCaller/]: Registering Runtime...
[25Jan2025 19:18:32.258] [Render thread/INFO] [mezz.jei.gui.startup.JeiGuiStarter/]: Starting JEI GUI
[25Jan2025 19:18:32.258] [Render thread/INFO] [mezz.jei.core.util.LoggedTimer/]: Building ingredient list...
[25Jan2025 19:18:32.263] [Render thread/INFO] [mezz.jei.core.util.LoggedTimer/]: Building ingredient list took 4.249 ms
[25Jan2025 19:18:32.263] [Render thread/INFO] [mezz.jei.core.util.LoggedTimer/]: Building ingredient filter...
[25Jan2025 19:18:32.294] [Render thread/INFO] [mezz.jei.gui.ingredients.IngredientFilter/]: Adding 1718 ingredients
[25Jan2025 19:18:32.432] [Render thread/INFO] [mezz.jei.gui.ingredients.IngredientFilter/]: Added 1718 ingredients
[25Jan2025 19:18:32.433] [Render thread/INFO] [mezz.jei.core.util.LoggedTimer/]: Building ingredient filter took 170.2 ms
[25Jan2025 19:18:32.546] [Render thread/INFO] [mezz.jei.library.load.PluginCallerTimerRunnable/]: Registering Runtime: jei:neoforge_gui took 289.6 milliseconds
[25Jan2025 19:18:32.546] [Render thread/INFO] [mezz.jei.library.load.PluginCaller/]: Registering Runtime took 290.2 ms
[25Jan2025 19:18:32.547] [Render thread/INFO] [mezz.jei.core.util.LoggedTimer/]: Building runtime took 309.1 ms
[25Jan2025 19:18:32.548] [Render thread/INFO] [mezz.jei.library.load.PluginCaller/]: Sending Runtime...
[25Jan2025 19:18:32.548] [Render thread/INFO] [mezz.jei.library.load.PluginCaller/]: Sending Runtime took 391.6 μs
[25Jan2025 19:18:32.548] [Render thread/INFO] [mezz.jei.core.util.LoggedTimer/]: Starting JEI took 675.5 ms
[25Jan2025 19:18:32.562] [Render thread/INFO] [net.minecraft.advancements.AdvancementTree/]: Loaded 90 advancements
[25Jan2025 19:19:06.553] [Server thread/INFO] [net.minecraft.server.MinecraftServer/]: [Dev: Set the time to 1000]
[25Jan2025 19:19:06.559] [Render thread/INFO] [net.minecraft.client.gui.components.ChatComponent/]: [System] [CHAT] Set the time to 1000
[25Jan2025 19:19:46.551] [Server thread/INFO] [net.minecraft.client.server.IntegratedServer/]: Saving and pausing game...
[25Jan2025 19:19:46.581] [Server thread/INFO] [net.minecraft.server.MinecraftServer/]: Saving chunks for level 'ServerLevel[New World]'/minecraft:overworld
[25Jan2025 19:19:46.622] [Server thread/INFO] [net.minecraft.server.MinecraftServer/]: Saving chunks for level 'ServerLevel[New World]'/minecraft:the_nether
[25Jan2025 19:19:46.729] [Server thread/INFO] [net.minecraft.server.MinecraftServer/]: Saving chunks for level 'ServerLevel[New World]'/minecraft:the_end
[25Jan2025 19:19:47.517] [Render thread/INFO] [net.minecraft.client.Minecraft/]: Stopping!
[25Jan2025 19:19:47.519] [Render thread/INFO] [mezz.jei.neoforge.startup.StartEventObserver/]: JEI StartEventObserver received class net.neoforged.neoforge.client.event.ClientPlayerNetworkEvent$LoggingOut
[25Jan2025 19:19:47.520] [Render thread/INFO] [mezz.jei.neoforge.startup.StartEventObserver/]: JEI StartEventObserver transitioning state from JEI_STARTED to LISTENING
[25Jan2025 19:19:47.520] [Render thread/INFO] [mezz.jei.library.startup.JeiStarter/]: Stopping JEI
[25Jan2025 19:19:47.520] [Render thread/INFO] [mezz.jei.library.load.PluginCaller/]: Sending Runtime Unavailable...
[25Jan2025 19:19:47.521] [Render thread/INFO] [mezz.jei.neoforge.plugins.neoforge.NeoForgeGuiPlugin/]: Stopping JEI GUI
[25Jan2025 19:19:47.524] [Render thread/INFO] [mezz.jei.library.load.PluginCaller/]: Sending Runtime Unavailable took 3.664 ms
[25Jan2025 19:19:47.554] [Server thread/INFO] [net.minecraft.server.network.ServerGamePacketListenerImpl/]: Dev lost connection: Disconnected
[25Jan2025 19:19:47.555] [Server thread/INFO] [net.minecraft.server.MinecraftServer/]: Dev left the game
[25Jan2025 19:19:47.585] [Server thread/INFO] [net.minecraft.server.network.ServerCommonPacketListenerImpl/]: Stopping singleplayer server as player logged out
[25Jan2025 19:19:47.622] [Server thread/INFO] [net.minecraft.server.MinecraftServer/]: Stopping server
[25Jan2025 19:19:47.623] [Server thread/INFO] [net.minecraft.server.MinecraftServer/]: Saving players
[25Jan2025 19:19:47.623] [Server thread/INFO] [net.minecraft.server.MinecraftServer/]: Saving worlds
[25Jan2025 19:19:47.664] [Server thread/INFO] [net.minecraft.server.MinecraftServer/]: Saving chunks for level 'ServerLevel[New World]'/minecraft:overworld
[25Jan2025 19:19:47.829] [Server thread/INFO] [net.minecraft.server.MinecraftServer/]: Saving chunks for level 'ServerLevel[New World]'/minecraft:the_nether
[25Jan2025 19:19:47.845] [Server thread/INFO] [net.minecraft.server.MinecraftServer/]: Saving chunks for level 'ServerLevel[New World]'/minecraft:the_end
[25Jan2025 19:19:47.880] [Server thread/INFO] [net.minecraft.server.MinecraftServer/]: ThreadedAnvilChunkStorage (New World): All chunks are saved
[25Jan2025 19:19:47.881] [Server thread/INFO] [net.minecraft.server.MinecraftServer/]: ThreadedAnvilChunkStorage (DIM-1): All chunks are saved
[25Jan2025 19:19:47.881] [Server thread/INFO] [net.minecraft.server.MinecraftServer/]: ThreadedAnvilChunkStorage (DIM1): All chunks are saved
[25Jan2025 19:19:47.882] [Server thread/INFO] [net.minecraft.server.MinecraftServer/]: ThreadedAnvilChunkStorage: All dimensions are saved
